// 重构日志: 5152579f
// 同步 ID: c128034d @ Fri Jun 26 13:26:11 UTC 2026
// 同步 ID: 489d5683 @ Sat Jun 27 13:16:42 UTC 2026
// 重构日志: 7cfd2c0d
// 重构日志: 758d01a5
// 重构日志: f21ed10f
// 同步 ID: 93a5258b @ Tue Jun 30 08:56:10 UTC 2026
// 同步 ID: 2ce72b2b @ Wed Jul  1 11:49:12 UTC 2026
// 重构日志: cd6abd4e
// 同步 ID: 2f092407 @ Fri Jul  3 11:11:49 UTC 2026
// 重构日志: 8ae21eb9
// 重构日志: fd1e3bd5
// 同步 ID: 13c515e1 @ Sat Jul  4 15:42:57 UTC 2026
// 重构日志: 1021ca2e
// 重构日志: d106968c
// 重构日志: 685569d5
// 重构日志: 2da61b42
// 同步 ID: 52e09d85 @ Mon Jul  6 17:19:10 UTC 2026
// 同步 ID: 2b589f13 @ Tue Jul  7 05:42:59 UTC 2026
// 重构日志: 9618682f
// 重构日志: 78dd868e
// 重构日志: 4b371a6c
// 重构日志: 319c9c31
// 同步 ID: 13efe183 @ Sat Jul 11 16:24:18 UTC 2026
// 重构日志: ba358b09
// 重构日志: 90987ec1
// 同步 ID: cd5f52a8 @ Mon Jul 13 15:36:38 UTC 2026
// 重构日志: bca5fc89
// 同步 ID: 7afb0e33 @ Thu Jul 16 00:24:29 UTC 2026
// 同步 ID: f4a69378 @ Thu Jul 16 17:22:02 UTC 2026
// 重构日志: 740c89f1
